12/07/2025 15:34:21 - INFO - __main__ - Initialized tokenizer
12/07/2025 15:34:21 - INFO - __main__ - Found 1 models to evaluate.
12/07/2025 15:34:21 - INFO - __main__ - Constructing StereoSet dataloaders
12/07/2025 15:34:22 - INFO - __main__ - Constructed StereoSet dataloaders
12/07/2025 15:34:22 - INFO - __main__ - Evaluating model at bert-base-cased
12/07/2025 15:34:22 - INFO - __main__ - ==================================================1/1==================================================
12/07/2025 15:34:24 - INFO - __main__ - Got result: {
    "path": "bert-base-cased",
    "gender": {
        "dev": {
            "ss": 0.7307692307692307,
            "lms": 0.9134615384615384,
            "icat": 0.49186390532544383
        },
        "test": {
            "ss": 0.6153846153846154,
            "lms": 0.8557692307692307,
            "icat": 0.6582840236686389
        },
        "dev_count": 156,
        "test_count": 156
    },
    "profession": {
        "dev": {
            "ss": 0.6045197740112994,
            "lms": 0.8757062146892656,
            "icat": 0.6926489833700405
        },
        "test": {
            "ss": 0.6384180790960452,
            "lms": 0.8813559322033898,
            "icat": 0.6373647419323949
        },
        "dev_count": 531,
        "test_count": 531
    },
    "race": {
        "dev": {
            "ss": 0.5173913043478261,
            "lms": 0.8826086956521739,
            "icat": 0.8519092627599244
        },
        "test": {
            "ss": 0.5021645021645021,
            "lms": 0.8744588744588745,
            "icat": 0.8706733382058058
        },
        "dev_count": 690,
        "test_count": 693
    },
    "religion": {
        "dev": {
            "ss": 0.6,
            "lms": 0.9333333333333333,
            "icat": 0.7466666666666667
        },
        "test": {
            "ss": 0.625,
            "lms": 0.8125,
            "icat": 0.609375
        },
        "dev_count": 45,
        "test_count": 48
    }
}
12/07/2025 15:34:24 - INFO - __main__ - ====================================================================================================
