12/07/2025 16:53:09 - INFO - __main__ - Initialized tokenizer
12/07/2025 16:53:09 - INFO - __main__ - Found 1 models to evaluate.
12/07/2025 16:53:09 - INFO - __main__ - Constructing StereoSet dataloaders
12/07/2025 16:53:10 - INFO - __main__ - Constructed StereoSet dataloaders
12/07/2025 16:53:10 - INFO - __main__ - Evaluating model at roberta-base
12/07/2025 16:53:10 - INFO - __main__ - ==================================================1/1==================================================
12/07/2025 16:53:22 - INFO - __main__ - Got result: {
    "path": "roberta-base",
    "gender": {
        "dev": {
            "ss": 0.8115942028985508,
            "lms": 0.9130434782608695,
            "icat": 0.3440453686200377
        },
        "test": {
            "ss": 0.6231884057971014,
            "lms": 0.927536231884058,
            "icat": 0.6990128124343625
        },
        "dev_count": 207,
        "test_count": 207
    },
    "profession": {
        "dev": {
            "ss": 0.6061946902654868,
            "lms": 0.8893805309734514,
            "icat": 0.7004855509436917
        },
        "test": {
            "ss": 0.6637168141592921,
            "lms": 0.9137168141592921,
            "icat": 0.6145352024434176
        },
        "dev_count": 678,
        "test_count": 678
    },
    "race": {
        "dev": {
            "ss": 0.6097560975609756,
            "lms": 0.9041811846689896,
            "icat": 0.7057023880343334
        },
        "test": {
            "ss": 0.5923344947735192,
            "lms": 0.9163763066202091,
            "icat": 0.7471500200318081
        },
        "dev_count": 861,
        "test_count": 861
    },
    "religion": {
        "dev": {
            "ss": 0.65,
            "lms": 0.85,
            "icat": 0.595
        },
        "test": {
            "ss": 0.65,
            "lms": 0.925,
            "icat": 0.6475
        },
        "dev_count": 60,
        "test_count": 60
    }
}
12/07/2025 16:53:22 - INFO - __main__ - ====================================================================================================
